activated = true

[[execgroup]]
  dirpath = "/var/data1"
  keyfp = ["5994BE54C31CF1B5E1994F987C52CF6D055F072B", "7064B1D6EFF01B1262FED3F03581D99FE87EAFD1"]
  mode = "whitelist"
  tagname = "name"

[[execgroup]]
  dirpath = "/var/data2"
  keyfp = ["5994BE54C31CF1B5E1994F987C52CF6D055F072B", "7064B1D6EFF01B1262FED3F03581D99FE87EAFD1"]
  mode = "whitestrict"
  tagname = "name"

[[execgroup]]
  dirpath = "/var/data3"
  keyfp = ["5994BE54C31CF1B5E1994F987C52CF6D055F072B"]
  mode = "blacklist"
  tagname = "name"
